// Jest Snapshot v1, https://goo.gl/fbAQLP

exports[`renders correctly 1`] = `
<div>
  <h1>
    World!
  </h1>
  <h1>
    Test1
  </h1>
</div>
`;
